<?xml version="1.0" encoding="UTF-8" standalone="no"?>
<licenseSummary>
  <dependencies>
    <dependency>
      <groupId>antlr</groupId>
      <artifactId>antlr</artifactId>
      <version>2.7.7</version>
      <licenses>
        <license>
          <name>BSD License</name>
          <url>http://www.antlr.org/license.html</url>
          <distribution>repo</distribution>
          <file>bsd-antlr.html</file>
        </license>
      </licenses>
    </dependency>
    <dependency>
      <groupId>com.sun.activation</groupId>
      <artifactId>javax.activation</artifactId>
      <version>1.2.0</version>
      <licenses>
        <license>
          <name>CDDL/GPLv2+CE</name>
          <url>https://github.com/javaee/activation/blob/master/LICENSE.txt</url>
          <distribution>repo</distribution>
          <file>cddl-gplv2-ce.txt</file>
          <comments>CDDL or GPL version 2 plus the Classpath Exception</comments>
        </license>
      </licenses>
    </dependency>
    <dependency>
      <groupId>commons-beanutils</groupId>
      <artifactId>commons-beanutils</artifactId>
      <version>1.9.4</version>
      <licenses>
        <license>
          <name>Apache License, Version 2.0</name>
          <url>https://www.apache.org/licenses/LICENSE-2.0.txt</url>
          <distribution>repo</distribution>
          <file>Apache-2.0.txt</file>
        </license>
      </licenses>
    </dependency>
    <dependency>
      <groupId>commons-collections</groupId>
      <artifactId>commons-collections</artifactId>
      <version>3.2.2</version>
      <licenses>
        <license>
          <name>Apache License, Version 2.0</name>
          <url>http://www.apache.org/licenses/LICENSE-2.0.txt</url>
          <distribution>repo</distribution>
          <file>Apache-2.0.txt</file>
        </license>
      </licenses>
    </dependency>
  </dependencies>
</licenseSummary>
